// Jest Snapshot v1, https://goo.gl/fbAQLP

exports[`renders learn react link 1`] = `
Object {
  "asFragment": [Function],
  "baseElement": <body>
    <div>
      <div
        class="App"
      >
        <div
          class="container"
        >
          <nav
            class="navigate"
          >
            <ul>
              <a
                activeclassname="active-link"
                aria-current="page"
                class="navigate-link active"
                href="/"
              >
                Home
              </a>
              <a
                activeclassname="active-link"
                class="navigate-link"
                href="/favorites"
              >
                Favorites
              </a>
            </ul>
          </nav>
        </div>
        <div
          class="container"
        >
          <div
            class="search"
          >
            <input
              class="search-input"
              placeholder="Searching movies"
              type="search"
              value=""
            />
            <div
              class="search-movies-list"
            />
          </div>
          <h1
            class="title"
          >
            Popular movies
          </h1>
          <div
            class="movie-list"
          />
        </div>
      </div>
    </div>
  </body>,
  "container": <div>
    <div
      class="App"
    >
      <div
        class="container"
      >
        <nav
          class="navigate"
        >
          <ul>
            <a
              activeclassname="active-link"
              aria-current="page"
              class="navigate-link active"
              href="/"
            >
              Home
            </a>
            <a
              activeclassname="active-link"
              class="navigate-link"
              href="/favorites"
            >
              Favorites
            </a>
          </ul>
        </nav>
      </div>
      <div
        class="container"
      >
        <div
          class="search"
        >
          <input
            class="search-input"
            placeholder="Searching movies"
            type="search"
            value=""
          />
          <div
            class="search-movies-list"
          />
        </div>
        <h1
          class="title"
        >
          Popular movies
        </h1>
        <div
          class="movie-list"
        />
      </div>
    </div>
  </div>,
  "debug": [Function],
  "findAllByAltText": [Function],
  "findAllByDisplayValue": [Function],
  "findAllByLabelText": [Function],
  "findAllByPlaceholderText": [Function],
  "findAllByRole": [Function],
  "findAllByTestId": [Function],
  "findAllByText": [Function],
  "findAllByTitle": [Function],
  "findByAltText": [Function],
  "findByDisplayValue": [Function],
  "findByLabelText": [Function],
  "findByPlaceholderText": [Function],
  "findByRole": [Function],
  "findByTestId": [Function],
  "findByText": [Function],
  "findByTitle": [Function],
  "getAllByAltText": [Function],
  "getAllByDisplayValue": [Function],
  "getAllByLabelText": [Function],
  "getAllByPlaceholderText": [Function],
  "getAllByRole": [Function],
  "getAllByTestId": [Function],
  "getAllByText": [Function],
  "getAllByTitle": [Function],
  "getByAltText": [Function],
  "getByDisplayValue": [Function],
  "getByLabelText": [Function],
  "getByPlaceholderText": [Function],
  "getByRole": [Function],
  "getByTestId": [Function],
  "getByText": [Function],
  "getByTitle": [Function],
  "queryAllByAltText": [Function],
  "queryAllByDisplayValue": [Function],
  "queryAllByLabelText": [Function],
  "queryAllByPlaceholderText": [Function],
  "queryAllByRole": [Function],
  "queryAllByTestId": [Function],
  "queryAllByText": [Function],
  "queryAllByTitle": [Function],
  "queryByAltText": [Function],
  "queryByDisplayValue": [Function],
  "queryByLabelText": [Function],
  "queryByPlaceholderText": [Function],
  "queryByRole": [Function],
  "queryByTestId": [Function],
  "queryByText": [Function],
  "queryByTitle": [Function],
  "rerender": [Function],
  "unmount": [Function],
}
`;
